// Vitest Snapshot v1, https://vitest.dev/guide/snapshot.html

exports[`renders welcome text 1`] = `
<p
  class="MuiTypography-root MuiTypography-h2 MuiTypography-paragraph css-1fm3dbj-MuiTypography-root"
>
  Welcome to Brightlayer
   
  <span
    class="MuiBox-root css-107kugp"
  >
    UI
  </span>
  .
</p>
`;
